
> joyfulpath@0.1.0 build
> next build

▲ Next.js 16.2.9 (Turbopack)
- Environments: .env.local

  Creating an optimized production build ...
✓ Compiled successfully in 8.5s
  Running TypeScript ...
  Finished TypeScript in 6.4s ...
  Collecting page data using 15 workers ...
  Generating static pages using 15 workers (0/19) ...
  Generating static pages using 15 workers (4/19) 
  Generating static pages using 15 workers (9/19) 
  Generating static pages using 15 workers (14/19) 
✓ Generating static pages using 15 workers (19/19) in 299ms
  Finalizing page optimization ...

Route (app)
┌ ƒ /
├ ƒ /_not-found
├ ƒ /about
├ ƒ /admin/analytics
├ ƒ /admin/approvals
├ ƒ /admin/attendance
├ ƒ /admin/classes
├ ƒ /admin/content
├ ƒ /admin/crm
├ ƒ /admin/dashboard
├ ƒ /admin/events
├ ƒ /admin/files
├ ƒ /admin/lessons
├ ƒ /admin/permissions
├ ƒ /admin/prayers
├ ƒ /admin/qr
├ ƒ /admin/quizzes
├ ƒ /admin/rewards
├ ƒ /admin/settings
├ ƒ /admin/students
├ ƒ /admin/students/[id]
├ ƒ /admin/students/import
├ ƒ /admin/tasks
├ ƒ /admin/users
├ ƒ /branches
├ ƒ /change-password
├ ƒ /complete-profile
├ ƒ /faq
├ ƒ /forgot-password
├ ƒ /gallery
├ ƒ /instructor/analytics
├ ƒ /instructor/attendance
├ ƒ /instructor/classes
├ ƒ /instructor/classes/[id]
├ ƒ /instructor/dashboard
├ ƒ /instructor/lessons
├ ƒ /instructor/lessons/new
├ ƒ /instructor/prayer-requests
├ ƒ /instructor/quizzes
├ ƒ /instructor/quizzes/[id]/builder
├ ƒ /instructor/quizzes/[id]/grading
├ ƒ /instructor/quizzes/new
├ ƒ /instructor/store
├ ƒ /instructor/students
├ ƒ /instructor/students/[classId]
├ ƒ /instructor/students/[classId]/import
├ ƒ /instructor/tasks
├ ƒ /instructor/tasks/[taskId]
├ ƒ /instructor/tasks/new
├ ƒ /login
├ ƒ /parent/attendance
├ ƒ /parent/dashboard
├ ƒ /parent/events
├ ƒ /parent/gamification
├ ƒ /parent/grades
├ ƒ /parent/notifications
├ ƒ /parent/profile
├ ƒ /parent/reading
├ ƒ /parent/reports
├ ƒ /parent/rewards
├ ƒ /pending
├ ƒ /priest/attendance
├ ƒ /priest/dashboard
├ ƒ /priest/families
├ ƒ /priest/progress
├ ƒ /priest/reports
├ ƒ /priest/students
├ ƒ /privacy
├ ƒ /register
├ ƒ /reset-password
├ ƒ /saints
├ ƒ /student/analytics
├ ƒ /student/attendance
├ ƒ /student/badges
├ ƒ /student/challenges
├ ƒ /student/dashboard
├ ƒ /student/events
├ ƒ /student/games
├ ƒ /student/journey
├ ƒ /student/leaderboard
├ ƒ /student/lessons
├ ƒ /student/prayer-requests
├ ƒ /student/prayers
├ ƒ /student/profile
├ ƒ /student/qr
├ ƒ /student/qr-code
├ ƒ /student/quizzes
├ ƒ /student/quizzes/[id]/results
├ ƒ /student/quizzes/[id]/take
├ ƒ /student/reading
├ ƒ /student/store
├ ƒ /student/tasks
├ ƒ /students/[id]
├ ƒ /terms
├ ƒ /unauthorized
└ ƒ /verify-email


ƒ Proxy (Middleware)

ƒ  (Dynamic)  server-rendered on demand

